../Core/Src/main.c:101:6:myprintf	16	static
../Core/Src/main.c:134:6:insert_new_value	16	static
../Core/Src/main.c:151:5:getSimplifiedSlope	24	static
../Core/Src/main.c:166:6:DMA_ADC_Complete	16	static
../Core/Src/main.c:171:6:HAL_ADC_ConvCpltCallback	16	static
../Core/Src/main.c:194:6:HAL_TIM_PeriodElapsedCallback	16	static
../Core/Src/main.c:240:5:main	16	static
../Core/Src/main.c:334:6:SystemClock_Config	120	static
../Core/Src/main.c:393:6:PeriphCommonClock_Config	200	static
../Core/Src/main.c:421:6:MX_ADC1_Init	48	static
../Core/Src/main.c:498:13:MX_LPUART1_UART_Init	8	static
../Core/Src/main.c:546:13:MX_USART3_UART_Init	8	static
../Core/Src/main.c:594:13:MX_RTC_Init	32	static
../Core/Src/main.c:665:13:MX_TIM3_Init	40	static
../Core/Src/main.c:710:13:MX_TIM4_Init	40	static
../Core/Src/main.c:755:13:MX_USB_OTG_FS_PCD_Init	8	static
../Core/Src/main.c:791:13:MX_GPIO_Init	32	static
../Core/Src/main.c:815:13:TransferDataADC	48	static
../Core/Src/main.c:901:6:Error_Handler	4	static,ignoring_inline_asm
