../Core/Src/main.c:98:6:myprintf	16	static
../Core/Src/main.c:131:6:insert_new_value	16	static
../Core/Src/main.c:148:5:getSimplifiedSlope	24	static
../Core/Src/main.c:163:6:DMA_ADC_Complete	16	static
../Core/Src/main.c:168:6:HAL_ADC_ConvCpltCallback	16	static
../Core/Src/main.c:189:6:HAL_TIM_PeriodElapsedCallback	16	static
../Core/Src/main.c:230:5:main	16	static
../Core/Src/main.c:309:6:SystemClock_Config	120	static
../Core/Src/main.c:369:6:MX_ADC1_Init	48	static
../Core/Src/main.c:446:13:MX_RTC_Init	32	static
../Core/Src/main.c:517:13:MX_TIM3_Init	40	static
../Core/Src/main.c:562:13:MX_TIM4_Init	40	static
../Core/Src/main.c:607:13:MX_USART3_UART_Init	8	static
../Core/Src/main.c:655:13:MX_USB_OTG_FS_PCD_Init	8	static
../Core/Src/main.c:691:13:MX_GPIO_Init	32	static
../Core/Src/main.c:713:13:MX_LPUART1_UART_Init	8	static
../Core/Src/main.c:756:13:TransferDataADC	48	static
../Core/Src/main.c:842:6:Error_Handler	4	static,ignoring_inline_asm
