../Core/Src/main.c:72:6:myprintf	16	static
../Core/Src/main.c:99:6:insert_new_value	16	static
../Core/Src/main.c:116:5:getSimplifiedSlope	24	static
../Core/Src/main.c:131:6:DMA_ADC_Complete	16	static
../Core/Src/main.c:136:6:HAL_ADC_ConvCpltCallback	16	static
../Core/Src/main.c:157:6:HAL_TIM_PeriodElapsedCallback	16	static
../Core/Src/main.c:198:5:main	32	static
../Core/Src/main.c:283:13:MX_ADC1_Init	48	static
../Core/Src/main.c:360:13:MX_TIM3_Init	40	static
../Core/Src/main.c:405:13:MX_TIM4_Init	40	static
../Core/Src/main.c:450:6:MX_USART3_UART_Init	8	static
../Core/Src/main.c:498:13:MX_GPIO_Init	16	static
../Core/Src/main.c:518:6:Error_Handler	4	static,ignoring_inline_asm
